===== 2026-08-23 12:31:07 (ERROR) =====
2026-08-23 12:31:19,966 INFO BTC/USD: no position, no entry signal (rsi14=77.5)
===== 2026-08-23 12:31:56 =====
2026-08-23 12:32:04,133 INFO BTC/USD: no position, no entry signal (rsi14=77.5)
2026-08-23 12:32:04,422 INFO ETH/USD: no position, no entry signal (rsi14=76.3)
===== 2026-08-23 14:00:05 =====
2026-08-23 14:00:33,578 INFO BTC/USD: no position, no entry signal (rsi14=78.8)
2026-08-23 14:00:34,521 INFO ETH/USD: no position, no entry signal (rsi14=77.0)
===== 2026-08-23 14:33:15 =====
2026-08-23 14:33:28,266 INFO BTC/USD: no position, no entry signal (rsi14=80.2)
2026-08-23 14:33:28,474 INFO ETH/USD: no position, no entry signal (rsi14=78.1)
===== 2026-08-23 15:33:16 =====
2026-08-23 15:33:22,217 INFO BTC/USD: no position, no entry signal (rsi14=80.1)
2026-08-23 15:33:22,582 INFO ETH/USD: no position, no entry signal (rsi14=77.9)
===== 2026-08-23 16:33:15 =====
2026-08-23 16:33:24,309 INFO BTC/USD: no position, no entry signal (rsi14=80.5)
2026-08-23 16:33:24,515 INFO ETH/USD: no position, no entry signal (rsi14=78.9)
===== 2026-08-23 17:33:17 =====
2026-08-23 17:33:24,564 INFO BTC/USD: no position, no entry signal (rsi14=80.5)
2026-08-23 17:33:24,806 INFO ETH/USD: no position, no entry signal (rsi14=78.8)
===== 2026-08-23 22:09:46 (EXIT CODE 1) =====
===== 2026-08-23 22:33:15 (EXIT CODE 1) =====
===== 2026-08-23 23:33:16 =====
2026-08-23 23:33:24,583 INFO BTC/USD: no position, no entry signal (rsi14=80.5)
2026-08-23 23:33:25,112 INFO ETH/USD: no position, no entry signal (rsi14=78.7)
===== 2026-08-24 21:59:26 =====
2026-08-24 21:59:46,029 INFO BTC/USD: no position, no entry signal (rsi14=82.1)
2026-08-24 21:59:46,272 INFO ETH/USD: no position, no entry signal (rsi14=79.4)
===== 2026-08-24 22:33:37 =====
2026-08-24 22:34:18,257 INFO BTC/USD: no position, no entry signal (rsi14=82.1)
2026-08-24 22:34:18,761 INFO ETH/USD: no position, no entry signal (rsi14=79.2)
===== 2026-08-25 06:03:19 =====
2026-08-25 06:03:33,296 INFO BTC/USD: no position, no entry signal (rsi14=83.8)
2026-08-25 06:03:33,505 INFO ETH/USD: no position, no entry signal (rsi14=80.3)
===== 2026-08-25 06:33:14 =====
2026-08-25 06:33:22,039 INFO BTC/USD: no position, no entry signal (rsi14=83.9)
2026-08-25 06:33:22,294 INFO ETH/USD: no position, no entry signal (rsi14=80.3)
===== 2026-08-25 07:33:14 =====
2026-08-25 07:33:20,586 INFO BTC/USD: no position, no entry signal (rsi14=83.5)
2026-08-25 07:33:20,793 INFO ETH/USD: no position, no entry signal (rsi14=80.0)
===== 2026-08-25 08:33:15 =====
2026-08-25 08:33:22,999 INFO BTC/USD: no position, no entry signal (rsi14=83.9)
2026-08-25 08:33:23,213 INFO ETH/USD: no position, no entry signal (rsi14=80.4)
===== 2026-08-25 14:26:23 =====
2026-08-25 14:26:46,850 INFO BTC/USD: no position, no entry signal (rsi14=82.5)
2026-08-25 14:26:47,961 INFO ETH/USD: no position, no entry signal (rsi14=79.0)
===== 2026-08-25 14:33:18 =====
2026-08-25 14:33:27,597 INFO BTC/USD: no position, no entry signal (rsi14=82.5)
2026-08-25 14:33:27,885 INFO ETH/USD: no position, no entry signal (rsi14=79.3)
===== 2026-08-25 15:33:24 =====
2026-08-25 15:33:39,883 INFO BTC/USD: no position, no entry signal (rsi14=81.9)
2026-08-25 15:33:40,496 INFO ETH/USD: no position, no entry signal (rsi14=78.0)
===== 2026-08-25 16:33:16 =====
2026-08-25 16:33:29,968 INFO BTC/USD: no position, no entry signal (rsi14=81.3)
2026-08-25 16:33:30,221 INFO ETH/USD: no position, no entry signal (rsi14=77.6)
===== 2026-08-25 17:33:25 =====
2026-08-25 17:33:46,994 INFO BTC/USD: no position, no entry signal (rsi14=82.5)
2026-08-25 17:33:47,860 INFO ETH/USD: no position, no entry signal (rsi14=79.3)
===== 2026-08-26 06:33:15 =====
2026-08-26 06:33:34,197 INFO BTC/USD: no position, no entry signal (rsi14=80.5)
2026-08-26 06:33:34,579 INFO ETH/USD: no position, no entry signal (rsi14=75.9)
===== 2026-08-26 07:33:21 =====
===== 2026-08-26 16:33:14 =====
2026-08-26 16:33:30,104 INFO BTC/USD: no position, no entry signal (rsi14=78.1)
2026-08-26 16:33:30,341 INFO ETH/USD: no position, no entry signal (rsi14=75.4)
===== 2026-08-26 17:33:54 =====
2026-08-26 17:34:17,999 INFO BTC/USD: no position, no entry signal (rsi14=78.3)
2026-08-26 17:34:18,241 INFO ETH/USD: no position, no entry signal (rsi14=75.5)
===== 2026-08-26 18:33:19 =====
2026-08-26 18:33:32,589 INFO BTC/USD: no position, no entry signal (rsi14=77.5)
2026-08-26 18:33:32,806 INFO ETH/USD: no position, no entry signal (rsi14=75.5)
===== 2026-08-26 19:33:38 =====
2026-08-26 19:35:25,762 INFO BTC/USD: no position, no entry signal (rsi14=77.9)
2026-08-26 19:35:26,310 INFO ETH/USD: no position, no entry signal (rsi14=75.6)
===== 2026-08-26 20:33:22 =====
2026-08-26 20:33:36,278 INFO BTC/USD: no position, no entry signal (rsi14=80.0)
2026-08-26 20:33:36,516 INFO ETH/USD: no position, no entry signal (rsi14=76.0)
===== 2026-08-27 05:54:12 =====
2026-08-27 05:54:23,367 INFO BTC/USD: no position, no entry signal (rsi14=79.1)
2026-08-27 05:54:23,581 INFO ETH/USD: no position, no entry signal (rsi14=76.0)
===== 2026-08-27 06:33:16 =====
2026-08-27 06:33:23,521 INFO BTC/USD: no position, no entry signal (rsi14=79.6)
2026-08-27 06:33:23,745 INFO ETH/USD: no position, no entry signal (rsi14=76.0)
===== 2026-08-27 07:33:16 =====
2026-08-27 07:33:23,445 INFO BTC/USD: no position, no entry signal (rsi14=79.1)
2026-08-27 07:33:23,657 INFO ETH/USD: no position, no entry signal (rsi14=75.5)
===== 2026-08-27 08:33:18 =====
2026-08-27 08:33:25,916 INFO BTC/USD: no position, no entry signal (rsi14=78.6)
2026-08-27 08:33:26,134 INFO ETH/USD: no position, no entry signal (rsi14=75.0)
===== 2026-08-27 11:34:59 =====
2026-08-27 11:35:24,606 INFO BTC/USD: no position, no entry signal (rsi14=81.6)
2026-08-27 11:35:25,244 INFO ETH/USD: no position, no entry signal (rsi14=78.3)
===== 2026-08-27 16:25:15 =====
2026-08-27 16:25:40,056 INFO BTC/USD: no position, no entry signal (rsi14=81.1)
2026-08-27 16:25:41,239 INFO ETH/USD: no position, no entry signal (rsi14=76.9)
===== 2026-08-27 23:33:25 =====
2026-08-27 23:33:52,206 INFO BTC/USD: no position, no entry signal (rsi14=81.8)
2026-08-27 23:33:52,633 INFO ETH/USD: no position, no entry signal (rsi14=77.2)
===== 2026-08-28 11:37:45 =====
2026-08-28 11:37:54,623 INFO BTC/USD: no position, no entry signal (rsi14=79.5)
2026-08-28 11:37:54,819 INFO ETH/USD: no position, no entry signal (rsi14=75.8)
===== 2026-08-28 15:33:21 =====
2026-08-28 15:33:51,300 INFO BTC/USD: no position, no entry signal (rsi14=78.1)
2026-08-28 15:33:51,753 INFO ETH/USD: no position, no entry signal (rsi14=76.2)
===== 2026-08-28 16:33:19 =====
2026-08-28 16:33:29,973 INFO BTC/USD: no position, no entry signal (rsi14=77.2)
2026-08-28 16:33:30,259 INFO ETH/USD: no position, no entry signal (rsi14=76.4)
===== 2026-08-28 19:33:15 =====
2026-08-28 19:33:20,939 INFO BTC/USD: no position, no entry signal (rsi14=70.7)
2026-08-28 19:33:21,173 INFO ETH/USD: no position, no entry signal (rsi14=69.8)
===== 2026-08-29 13:33:38 =====
2026-08-29 13:34:06,592 INFO BTC/USD: no position, no entry signal (rsi14=70.1)
2026-08-29 13:34:07,081 INFO ETH/USD: no position, no entry signal (rsi14=69.4)
===== 2026-08-29 14:33:21 =====
2026-08-29 14:33:37,391 INFO BTC/USD: no position, no entry signal (rsi14=70.1)
2026-08-29 14:33:37,854 INFO ETH/USD: no position, no entry signal (rsi14=69.4)
===== 2026-08-29 15:33:19 =====
2026-08-29 15:33:48,870 INFO BTC/USD: no position, no entry signal (rsi14=69.5)
2026-08-29 15:33:49,254 INFO ETH/USD: no position, no entry signal (rsi14=69.2)
===== 2026-08-29 16:33:25 =====
2026-08-29 16:33:53,204 INFO BTC/USD: no position, no entry signal (rsi14=70.0)
2026-08-29 16:33:53,674 INFO ETH/USD: no position, no entry signal (rsi14=69.1)
===== 2026-08-29 17:33:15 =====
2026-08-29 17:33:20,809 INFO BTC/USD: no position, no entry signal (rsi14=70.1)
2026-08-29 17:33:21,029 INFO ETH/USD: no position, no entry signal (rsi14=69.3)
===== 2026-08-29 18:33:20 =====
2026-08-29 18:33:31,779 INFO BTC/USD: no position, no entry signal (rsi14=70.8)
2026-08-29 18:33:32,203 INFO ETH/USD: no position, no entry signal (rsi14=70.1)
===== 2026-08-29 21:38:12 =====
2026-08-29 21:38:20,760 INFO BTC/USD: no position, no entry signal (rsi14=71.3)
2026-08-29 21:38:20,993 INFO ETH/USD: no position, no entry signal (rsi14=70.4)
===== 2026-08-29 22:33:19 =====
2026-08-29 22:33:30,221 INFO BTC/USD: no position, no entry signal (rsi14=71.4)
2026-08-29 22:33:30,649 INFO ETH/USD: no position, no entry signal (rsi14=70.7)
===== 2026-08-29 23:33:32 =====
2026-08-29 23:33:41,680 INFO BTC/USD: no position, no entry signal (rsi14=71.3)
2026-08-29 23:33:41,896 INFO ETH/USD: no position, no entry signal (rsi14=70.5)
===== 2026-08-30 11:55:44 =====
2026-08-30 11:56:22,958 INFO BTC/USD: no position, no entry signal (rsi14=70.7)
2026-08-30 11:56:23,207 INFO ETH/USD: no position, no entry signal (rsi14=70.6)
===== 2026-08-30 12:33:24 =====
2026-08-30 12:35:44,618 INFO BTC/USD: no position, no entry signal (rsi14=70.3)
2026-08-30 12:36:43,836 INFO ETH/USD: no position, no entry signal (rsi14=70.3)
===== 2026-08-30 13:33:30 =====
2026-08-30 13:33:45,278 INFO BTC/USD: no position, no entry signal (rsi14=70.7)
2026-08-30 13:33:45,744 INFO ETH/USD: no position, no entry signal (rsi14=70.6)
===== 2026-08-30 14:33:21 =====
2026-08-30 14:33:38,480 INFO BTC/USD: no position, no entry signal (rsi14=71.3)
2026-08-30 14:33:38,710 INFO ETH/USD: no position, no entry signal (rsi14=70.8)
===== 2026-08-30 15:33:23 =====
2026-08-30 15:33:35,056 INFO BTC/USD: no position, no entry signal (rsi14=72.4)
2026-08-30 15:33:35,527 INFO ETH/USD: no position, no entry signal (rsi14=71.1)
===== 2026-08-30 16:33:25 =====
2026-08-30 16:33:38,217 INFO BTC/USD: no position, no entry signal (rsi14=72.3)
2026-08-30 16:33:38,518 INFO ETH/USD: no position, no entry signal (rsi14=71.2)
===== 2026-08-30 21:10:17 =====
2026-08-30 21:10:25,823 INFO BTC/USD: no position, no entry signal (rsi14=72.6)
2026-08-30 21:10:26,020 INFO ETH/USD: no position, no entry signal (rsi14=72.6)
===== 2026-08-30 21:33:19 =====
2026-08-30 21:33:30,477 INFO BTC/USD: no position, no entry signal (rsi14=73.0)
2026-08-30 21:33:30,698 INFO ETH/USD: no position, no entry signal (rsi14=73.1)
===== 2026-08-30 22:33:25 =====
2026-08-30 22:33:38,891 INFO BTC/USD: no position, no entry signal (rsi14=72.6)
2026-08-30 22:33:39,262 INFO ETH/USD: no position, no entry signal (rsi14=72.8)
===== 2026-08-31 06:00:35 =====
2026-08-31 06:01:25,136 INFO BTC/USD: no position, no entry signal (rsi14=67.8)
2026-08-31 06:01:25,518 INFO ETH/USD: no position, no entry signal (rsi14=65.2)
===== 2026-08-31 06:33:43 =====
2026-08-31 06:34:55,547 INFO BTC/USD: no position, no entry signal (rsi14=69.0)
2026-08-31 06:34:56,322 INFO ETH/USD: no position, no entry signal (rsi14=66.5)
===== 2026-08-31 07:33:22 =====
2026-08-31 07:33:36,786 INFO BTC/USD: no position, no entry signal (rsi14=68.1)
2026-08-31 07:33:37,374 INFO ETH/USD: no position, no entry signal (rsi14=66.0)
===== 2026-08-31 08:33:36 =====
2026-08-31 08:33:54,601 INFO BTC/USD: no position, no entry signal (rsi14=69.7)
2026-08-31 08:33:54,988 INFO ETH/USD: no position, no entry signal (rsi14=67.3)
===== 2026-08-31 09:33:21 =====
2026-08-31 09:33:44,058 INFO BTC/USD: no position, no entry signal (rsi14=69.6)
2026-08-31 09:33:44,485 INFO ETH/USD: no position, no entry signal (rsi14=67.6)
===== 2026-08-31 11:21:08 =====
2026-08-31 11:21:18,771 INFO BTC/USD: no position, no entry signal (rsi14=69.6)
2026-08-31 11:21:19,021 INFO ETH/USD: no position, no entry signal (rsi14=67.3)
===== 2026-08-31 11:33:19 =====
2026-08-31 11:33:28,493 INFO BTC/USD: no position, no entry signal (rsi14=69.9)
2026-08-31 11:33:28,776 INFO ETH/USD: no position, no entry signal (rsi14=67.5)
===== 2026-08-31 12:33:22 =====
2026-08-31 12:33:34,673 INFO BTC/USD: no position, no entry signal (rsi14=70.9)
2026-08-31 12:33:35,171 INFO ETH/USD: no position, no entry signal (rsi14=67.9)
===== 2026-08-31 13:33:18 =====
2026-08-31 13:33:25,449 INFO BTC/USD: no position, no entry signal (rsi14=70.4)
2026-08-31 13:33:25,712 INFO ETH/USD: no position, no entry signal (rsi14=67.9)
===== 2026-08-31 14:33:17 =====
2026-08-31 14:33:22,859 INFO BTC/USD: no position, no entry signal (rsi14=70.5)
2026-08-31 14:33:23,173 INFO ETH/USD: no position, no entry signal (rsi14=68.1)
===== 2026-08-31 16:34:48 =====
2026-08-31 16:35:42,148 INFO BTC/USD: no position, no entry signal (rsi14=69.6)
2026-08-31 16:35:42,371 INFO ETH/USD: no position, no entry signal (rsi14=68.1)
===== 2026-08-31 17:33:30 =====
2026-08-31 17:33:52,120 INFO BTC/USD: no position, no entry signal (rsi14=69.7)
2026-08-31 17:33:53,025 INFO ETH/USD: no position, no entry signal (rsi14=67.9)
===== 2026-08-31 18:33:18 =====
2026-08-31 18:33:28,124 INFO BTC/USD: no position, no entry signal (rsi14=70.7)
2026-08-31 18:33:28,485 INFO ETH/USD: no position, no entry signal (rsi14=69.1)
===== 2026-08-31 19:33:15 =====
2026-08-31 19:33:23,216 INFO BTC/USD: no position, no entry signal (rsi14=70.8)
2026-08-31 19:33:23,457 INFO ETH/USD: no position, no entry signal (rsi14=68.9)
===== 2026-09-01 13:25:17 =====
2026-09-01 13:26:20,889 INFO BTC/USD: no position, no entry signal (rsi14=68.1)
2026-09-01 13:26:21,858 INFO ETH/USD: no position, no entry signal (rsi14=67.7)
===== 2026-09-01 14:33:28 =====
2026-09-01 14:34:02,414 INFO BTC/USD: no position, no entry signal (rsi14=68.3)
2026-09-01 14:34:02,913 INFO ETH/USD: no position, no entry signal (rsi14=67.9)
===== 2026-09-01 15:33:24 =====
2026-09-01 15:33:38,920 INFO BTC/USD: no position, no entry signal (rsi14=67.7)
2026-09-01 15:33:39,381 INFO ETH/USD: no position, no entry signal (rsi14=67.1)
===== 2026-09-01 16:33:14 (EXIT CODE 1) =====
===== 2026-09-01 17:33:17 =====
2026-09-01 17:33:23,709 INFO BTC/USD: no position, no entry signal (rsi14=69.2)
2026-09-01 17:33:24,084 INFO ETH/USD: no position, no entry signal (rsi14=67.2)
===== 2026-09-01 18:33:14 =====
2026-09-01 18:33:20,329 INFO BTC/USD: no position, no entry signal (rsi14=67.3)
2026-09-01 18:33:20,610 INFO ETH/USD: no position, no entry signal (rsi14=66.2)
===== 2026-09-02 06:09:08 =====
2026-09-02 06:09:22,954 INFO BTC/USD: no position, no entry signal (rsi14=65.6)
2026-09-02 06:09:23,316 INFO ETH/USD: no position, no entry signal (rsi14=63.1)
===== 2026-09-02 06:33:16 =====
2026-09-02 06:33:27,774 INFO BTC/USD: no position, no entry signal (rsi14=65.9)
2026-09-02 06:33:28,052 INFO ETH/USD: no position, no entry signal (rsi14=63.7)
===== 2026-09-02 07:33:15 =====
2026-09-02 07:33:22,461 INFO BTC/USD: no position, no entry signal (rsi14=65.7)
2026-09-02 07:33:22,670 INFO ETH/USD: no position, no entry signal (rsi14=63.5)
===== 2026-09-02 12:06:33 =====
2026-09-02 12:06:50,654 INFO BTC/USD: no position, no entry signal (rsi14=63.8)
2026-09-02 12:06:50,953 INFO ETH/USD: no position, no entry signal (rsi14=61.8)
===== 2026-09-02 12:33:20 =====
2026-09-02 12:33:33,812 INFO BTC/USD: no position, no entry signal (rsi14=62.4)
2026-09-02 12:33:35,342 INFO ETH/USD: no position, no entry signal (rsi14=59.5)
===== 2026-09-02 13:33:15 =====
2026-09-02 13:33:21,948 INFO BTC/USD: no position, no entry signal (rsi14=61.6)
2026-09-02 13:33:22,211 INFO ETH/USD: no position, no entry signal (rsi14=58.6)
===== 2026-09-02 14:33:17 (EXIT CODE 1) =====
===== 2026-09-02 15:33:15 =====
2026-09-02 15:33:24,310 INFO BTC/USD: no position, no entry signal (rsi14=63.3)
2026-09-02 15:33:24,525 INFO ETH/USD: no position, no entry signal (rsi14=60.5)
===== 2026-09-02 21:00:15 =====
2026-09-02 21:00:24,077 INFO BTC/USD: no position, no entry signal (rsi14=65.4)
2026-09-02 21:00:24,331 INFO ETH/USD: no position, no entry signal (rsi14=61.4)
===== 2026-09-02 21:33:15 =====
2026-09-02 21:33:22,035 INFO BTC/USD: no position, no entry signal (rsi14=65.6)
2026-09-02 21:33:22,249 INFO ETH/USD: no position, no entry signal (rsi14=61.6)
===== 2026-09-03 13:44:21 =====
2026-09-03 13:44:40,193 INFO BTC/USD: no position, no entry signal (rsi14=65.6)
2026-09-03 13:44:40,424 INFO ETH/USD: no position, no entry signal (rsi14=61.2)
===== 2026-09-03 14:33:17 =====
2026-09-03 14:33:27,042 INFO BTC/USD: no position, no entry signal (rsi14=66.6)
2026-09-03 14:33:27,289 INFO ETH/USD: no position, no entry signal (rsi14=62.1)
===== 2026-09-03 15:34:02 =====
2026-09-03 15:34:17,856 INFO BTC/USD: no position, no entry signal (rsi14=67.4)
2026-09-03 15:34:18,080 INFO ETH/USD: no position, no entry signal (rsi14=62.8)
===== 2026-09-04 12:33:19 =====
2026-09-04 12:33:29,471 INFO BTC/USD: no position, no entry signal (rsi14=72.2)
2026-09-04 12:33:29,859 INFO ETH/USD: no position, no entry signal (rsi14=68.4)
===== 2026-09-04 13:34:00 =====
2026-09-04 13:35:24,722 INFO BTC/USD: no position, no entry signal (rsi14=71.6)
2026-09-04 13:35:25,101 INFO ETH/USD: no position, no entry signal (rsi14=68.2)
===== 2026-09-04 14:33:16 =====
2026-09-04 14:33:23,520 INFO BTC/USD: no position, no entry signal (rsi14=73.0)
2026-09-04 14:33:23,730 INFO ETH/USD: no position, no entry signal (rsi14=68.3)
===== 2026-09-04 17:36:19 =====
2026-09-04 17:36:37,001 INFO BTC/USD: no position, no entry signal (rsi14=65.6)
2026-09-04 17:36:37,367 INFO ETH/USD: no position, no entry signal (rsi14=62.8)
===== 2026-09-04 18:33:16 =====
2026-09-04 18:33:25,040 INFO BTC/USD: no position, no entry signal (rsi14=65.6)
2026-09-04 18:33:25,244 INFO ETH/USD: no position, no entry signal (rsi14=62.5)
===== 2026-09-04 22:04:41 =====
2026-09-04 22:04:59,990 INFO BTC/USD: no position, no entry signal (rsi14=66.6)
2026-09-04 22:05:00,510 INFO ETH/USD: no position, no entry signal (rsi14=62.5)
===== 2026-09-05 09:33:35 =====
2026-09-05 09:33:52,195 INFO BTC/USD: no position, no entry signal (rsi14=66.5)
2026-09-05 09:33:52,402 INFO ETH/USD: no position, no entry signal (rsi14=62.3)
===== 2026-09-05 10:33:16 =====
2026-09-05 10:33:24,415 INFO BTC/USD: no position, no entry signal (rsi14=66.6)
2026-09-05 10:33:24,618 INFO ETH/USD: no position, no entry signal (rsi14=62.7)
===== 2026-09-05 11:33:14 =====
2026-09-05 11:33:22,246 INFO BTC/USD: no position, no entry signal (rsi14=66.2)
2026-09-05 11:33:22,441 INFO ETH/USD: no position, no entry signal (rsi14=62.5)
===== 2026-09-05 12:33:18 =====
2026-09-05 12:33:28,314 INFO BTC/USD: no position, no entry signal (rsi14=66.6)
2026-09-05 12:33:28,669 INFO ETH/USD: no position, no entry signal (rsi14=62.8)
===== 2026-09-06 14:21:34 =====
2026-09-06 14:21:43,855 INFO BTC/USD: no position, no entry signal (rsi14=67.0)
2026-09-06 14:21:44,061 INFO ETH/USD: no position, no entry signal (rsi14=65.2)
===== 2026-09-06 14:33:19 =====
2026-09-06 14:33:32,963 INFO BTC/USD: no position, no entry signal (rsi14=67.0)
2026-09-06 14:33:33,420 INFO ETH/USD: no position, no entry signal (rsi14=65.2)
===== 2026-09-06 15:33:15 =====
2026-09-06 15:33:21,711 INFO BTC/USD: no position, no entry signal (rsi14=67.1)
2026-09-06 15:33:21,940 INFO ETH/USD: no position, no entry signal (rsi14=65.2)
===== 2026-09-06 16:33:15 =====
2026-09-06 16:33:21,079 INFO BTC/USD: no position, no entry signal (rsi14=66.7)
2026-09-06 16:33:21,298 INFO ETH/USD: no position, no entry signal (rsi14=64.6)
===== 2026-09-06 17:33:14 =====
2026-09-06 17:33:20,376 INFO BTC/USD: no position, no entry signal (rsi14=65.3)
2026-09-06 17:33:20,618 INFO ETH/USD: no position, no entry signal (rsi14=63.4)
===== 2026-09-06 18:33:15 =====
2026-09-06 18:33:20,983 INFO BTC/USD: no position, no entry signal (rsi14=65.9)
2026-09-06 18:33:21,191 INFO ETH/USD: no position, no entry signal (rsi14=63.7)
===== 2026-09-07 16:03:04 =====
2026-09-07 16:03:33,154 INFO BTC/USD: no position, no entry signal (rsi14=64.4)
2026-09-07 16:03:33,812 INFO ETH/USD: no position, no entry signal (rsi14=64.7)
===== 2026-09-07 16:33:15 =====
2026-09-07 16:33:24,761 INFO BTC/USD: no position, no entry signal (rsi14=64.4)
2026-09-07 16:33:25,181 INFO ETH/USD: no position, no entry signal (rsi14=64.7)
===== 2026-09-07 21:14:40 =====
2026-09-07 21:14:51,444 INFO BTC/USD: no position, no entry signal (rsi14=63.0)
2026-09-07 21:14:51,853 INFO ETH/USD: no position, no entry signal (rsi14=63.7)
===== 2026-09-07 21:33:14 =====
2026-09-07 21:33:21,195 INFO BTC/USD: no position, no entry signal (rsi14=62.7)
2026-09-07 21:33:21,403 INFO ETH/USD: no position, no entry signal (rsi14=63.0)
===== 2026-09-08 14:17:06 =====
2026-09-08 14:18:55,440 INFO BTC/USD: no position, no entry signal (rsi14=59.7)
2026-09-08 14:18:56,004 INFO ETH/USD: no position, no entry signal (rsi14=61.6)
===== 2026-09-08 14:33:20 =====
2026-09-08 14:33:37,633 INFO BTC/USD: no position, no entry signal (rsi14=60.1)
2026-09-08 14:33:37,895 INFO ETH/USD: no position, no entry signal (rsi14=61.9)
===== 2026-09-09 09:31:43 =====
2026-09-09 09:32:02,775 INFO BTC/USD: no position, no entry signal (rsi14=62.0)
2026-09-09 09:32:03,213 INFO ETH/USD: no position, no entry signal (rsi14=63.7)
===== 2026-09-09 09:33:18 =====
2026-09-09 09:33:28,219 INFO BTC/USD: no position, no entry signal (rsi14=61.9)
2026-09-09 09:33:28,446 INFO ETH/USD: no position, no entry signal (rsi14=63.6)
===== 2026-09-09 10:33:20 =====
2026-09-09 10:33:38,345 INFO BTC/USD: no position, no entry signal (rsi14=62.2)
2026-09-09 10:33:38,594 INFO ETH/USD: no position, no entry signal (rsi14=64.6)
===== 2026-09-09 11:33:21 =====
2026-09-09 11:33:40,276 INFO BTC/USD: no position, no entry signal (rsi14=63.1)
2026-09-09 11:33:40,698 INFO ETH/USD: no position, no entry signal (rsi14=64.9)
===== 2026-09-09 12:33:19 =====
2026-09-09 12:33:30,533 INFO BTC/USD: no position, no entry signal (rsi14=62.5)
2026-09-09 12:33:30,973 INFO ETH/USD: no position, no entry signal (rsi14=64.2)
===== 2026-09-09 13:33:20 =====
2026-09-09 13:33:30,351 INFO BTC/USD: no position, no entry signal (rsi14=61.8)
2026-09-09 13:33:30,790 INFO ETH/USD: no position, no entry signal (rsi14=63.2)
===== 2026-09-09 14:33:24 =====
2026-09-09 14:33:37,248 INFO BTC/USD: no position, no entry signal (rsi14=61.5)
2026-09-09 14:33:37,555 INFO ETH/USD: no position, no entry signal (rsi14=63.2)
